algo
app/netcache
app/winmasker
app/gbench
build-system/project_tree_builder
cgi
check
connect
corelib
db
dbapi
gui
html
internal/objects/alndb_query$
internal/align_model$
internal/contigdb$
internal/blast
internal/asn_cache
internal/gpipe/common$
internal/gpipe/gencoll/src/gcaccess$
internal/gpipe/gencoll/src/gcstats$
internal/gpipe/gencoll/src/gc_load_utils$
internal/gpipe/gpinit/src/api$
internal/gpipe/gpinit/src/gpinit_compare$
internal/gpipe/objects/gencoll_load$
internal/gpipe/objects/genomecoll$
internal/txserver
internal/ID/utils$
internal/mapview/objects
misc/grid_cgi$
misc/xmlwrapp
objects
objmgr
objtools
serial
sra
util
-[^g].*/samples
-[^g].*/mssamples
-[^g].*/demo
-[^g].*/test
-.*/netcache
-.*/omssa
-.*xblobstorage
-algo/blast/dbindex/makeindex
-corelib/.*test_mt
-dbapi/cache/admintool
-dbapi/driver/util
-dbapi/lang_bind
-objtools/align
-objtools/asniotest
-objtools/cddalignview
-objtools/data_loaders/genbank/readers/id1/split_cache
-objtools/blast/gene_info_writer
-serial/.*cserial
-util/bitset/stress_test
