algo
algo/align/util/demo
app
build-system
cgi
connect
corelib
ctools
db
dbapi
gui
html
internal/algo/align/blockfind
internal/algo/align/gmap
internal/algo/align/pipeline-tools
internal/aligndb
internal/align_model$
internal/align_toolbox
internal/asn_cache
internal/blast
internal/blast/DistribDbSupport
internal/eutils
internal/sra
internal/snp
internal/gnomon
internal/gpipe
internal/ID/utils$
internal/portal
internal/txserver
misc
objects
objmgr
objtools
serial
util
-algo/align/contig_assembly.*/demo
-algo/align/ngalign.*/demo
-algo/align/nw.*/demo
-algo/align/prosplign.*/demo
-algo/align/splign.*/demo
-algo/align/contig_assembly.*/test
-algo/align/ngalign.*/test
-algo/align/nw.*/test
-algo/align/prosplign.*/test
-algo/align/splign.*/test
-algo/align/contig_assembly.*/unit_test
-algo/align/ngalign.*/unit_test
-algo/align/nw.*/unit_test
-algo/align/prosplign.*/unit_test
-algo/align/splign.*/unit_test
-algo/blast.*/demo
-algo/dustmask.*/demo
-algo/gnomon.*/demo
-algo/phy_tree.*/demo
-algo/seqqa.*/demo
-algo/sequence.*/demo
-algo/text.*/demo
-algo/winmask.*/demo
-algo/blast.*/test
-algo/dustmask.*/test
-algo/gnomon.*/test
-algo/phy_tree.*/test
-algo/seqqa.*/test
-algo/sequence.*/test
-algo/text.*/test
-algo/winmask.*/test
-algo/blast.*/unit_test
-algo/dustmask.*/unit_test
-algo/gnomon.*/unit_test
-algo/phy_tree.*/unit_test
-algo/seqqa.*/unit_test
-algo/sequence.*/unit_test
-algo/text.*/unit_test
-algo/winmask.*/unit_test
-app.*/demo
-app.*/test
-app.*/unit_test
-build-system.*/demo
-build-system.*/test
-build-system.*/unit_test
-cgi.*/demo
-cgi.*/test
-cgi.*/unit_test
-connect.*/demo
-connect.*/test
-connect.*/unit_test
-corelib.*/demo
-corelib.*/test
-corelib.*/unit_test
-ctools.*/demo
-ctools.*/test
-ctools.*/unit_test
-dbapi.*/demo
-dbapi/.*/mssamples
-dbapi/.*/samples
-dbapi.*/test
-dbapi.*/unit_test
-db.*/demo
-db.*/test
-db.*/unit_test
-dll.*/demo
-dll.*/test
-dll.*/unit_test
-gui.*/demo
-gui.*/test
-gui.*/unit_test
-html.*/demo
-html.*/test
-html.*/unit_test
-misc.*/demo
-misc.*/test
-misc.*/unit_test
-objects.*/demo
-objects.*/test
-objects.*/unit_test
-objmgr.*/demo
-objmgr.*/test
-objmgr.*/unit_test
-objtools/align
-objtools/asniotest
-objtools/blast/gene_info_writer
-objtools/cddalignview
-objtools/data_loaders/genbank/readers/id1/split_cache
-objtools.*/demo
-objtools.*/test
-objtools.*/unit_test
-sample.*/demo
-sample.*/test
-sample.*/unit_test
-serial.*/demo
-serial.*/test
-serial.*/unit_test
-util.*/demo
-util.*/test
-util.*/unit_test
