corelib$
serial$
serial/impl$
serial/datatool
algo$
algo/blast$
algo/blast/api
algo/blast/core
algo/blast/blastinput
algo/blast/composition_adjustment
algo/blast/dbindex
algo/blast/format
algo/blast/igblast
algo/dustmask$
algo/winmask$
-algo/blast/blastinput/unit_test
-algo/blast/blastinput/demo
objects
cgi$
cgi/impl$
html$
connect$
connect/ext$
util$
util/creaders$
util/tables$
util/compress$
util/compress/bzip2$
util/compress/zlib$
util/compress/api$
util/regexp
util/xregexp
util/sequtil$
util/bitset$
util/math$
util/cache$
util/impl$
util/qparse$
objtools$
objtools/alnmgr$
objtools/readers$
objtools/seqmasks_io$
objtools/blast$
objtools/blast/seqdb_reader
objtools/blast/gene_info_reader
objtools/blast/services
objtools/blast/blastdb_format
objtools/blast/seqdb_writer
objtools/cleanup$
objtools/format$
objtools/format/items$
objtools/align_format
dbapi$
dbapi/driver$
dbapi/cache$
dbapi/driver/impl$
dbapi/driver/odbc$
dbapi/driver/odbc/unix_odbc$
dbapi/driver/util$ update-only
objmgr
-objmgr/test
-objmgr/util/unit_test
objtools/data_loaders/genbank
-objtools/data_loaders/genbank/test
objtools/data_loaders$
objtools/data_loaders/blastdb$
algo/sequence
-algo/sequence/demo
-algo/sequence/unit_test
algo/align$
algo/align/util
-algo/align/util/demo
-algo/align/util/unit_test
app$
app/blast
app/igblast
objtools/simple$
-objects/.*/test
-objects/.*/demo
-objects/.*/unit_test
