#corelib
#corelib/hash_impl$
#corelib/impl$
#util
#util/bitset$
#util/regexp$
#serial$
#serial/impl$
#serial/datatool
#dll


corelib$
serial$
serial/impl$
serial/datatool
algo$
algo/blast
algo/dustmask$
algo/winmask$
algo/blast/api/unit_test
algo/blast/blastinput/unit_test
-algo/blast/blastinput/demo
objects
cgi$
cgi/impl$
html$
connect$
connect/ext$
util$
util/creaders$
util/tables$
util/compress$
util/regexp
util/xregexp$
util/sequtil$
util/bitset$
util/math$
util/cache$
util/impl$
objtools$
objtools/alnmgr$
objtools/readers$
objtools/seqmasks_io$
objtools/blast$
objtools/blast/seqdb_reader
objtools/blast/gene_info_reader
objtools/blast/services
objtools/cleanup$
objtools/format$
objtools/format/items$
objtools/blast/seqdb_writer
objtools/blast_format
dbapi$
dbapi/driver$
dbapi/cache$
dbapi/driver/impl$
dbapi/driver/odbc$
dbapi/driver/odbc/unix_odbc$
dbapi/driver/util$ update-only
objmgr
-objmgr/test
objtools/data_loaders$
objtools/data_loaders/genbank
-objtools/data_loaders/genbank/test
objtools/data_loaders/blastdb$
app$
app/blast
app/blastdb
app/winmasker$
app/dustmasker$
app/segmasker$
objtools/simple$
-objects/.*/test
-objects/.*/demo
-objects/.*/unit_test

